#-----------------------------------------------------------
# Vivado v2025.2 (64-bit)
# SW Build 6299465 on Fri Nov 14 19:35:11 GMT 2025
# IP Build 6300035 on Fri Nov 14 10:48:45 MST 2025
# SharedData Build 6298862 on Thu Nov 13 04:50:51 MST 2025
# Start of session at: Wed Jul  8 10:13:18 2026
# Process ID         : 8588
# Current directory  : C:/Users/Tamil/Documents/Mirafra/GITHUB/DEBOUNCE
# Command line       : vivado.exe -gui_launcher_event rodinguilauncherevent18364 C:\Users\Tamil\Documents\Mirafra\GITHUB\DEBOUNCE\debounce.xpr
# Log file           : C:/Users/Tamil/Documents/Mirafra/GITHUB/DEBOUNCE/vivado.log
# Journal file       : C:/Users/Tamil/Documents/Mirafra/GITHUB/DEBOUNCE\vivado.jou
# Running On         : CLANKER
# Platform           : Windows Server 2016 or Windows 10
# Operating System   : 26200
# Processor Detail   : AMD Ryzen 7 7435HS                             
# CPU Frequency      : 3094 MHz
# CPU Physical cores : 8
# CPU Logical cores  : 16
# Host memory        : 25439 MB
# Swap memory        : 4294 MB
# Total Virtual      : 29734 MB
# Available Virtual  : 13595 MB
#-----------------------------------------------------------
start_gui
open_project C:/Users/Tamil/Documents/Mirafra/GITHUB/DEBOUNCE/debounce.xpr
